Archive member included to satisfy reference by file (symbol)

C:/ST/STM32CubeIDE_1.13.0/STM32CubeIDE/plugins/com.st.stm32cube.ide.mcu.externaltools.gnu-tools-for-stm32.11.3.rel1.win32_1.1.0.202305231506/tools/bin/../lib/gcc/arm-none-eabi/11.3.1/../../../../arm-none-eabi/lib/thumb/v7-m/nofp\libc_nano.a(libc_a-exit.o)
                              C:/ST/STM32CubeIDE_1.13.0/STM32CubeIDE/plugins/com.st.stm32cube.ide.mcu.externaltools.gnu-tools-for-stm32.11.3.rel1.win32_1.1.0.202305231506/tools/bin/../lib/gcc/arm-none-eabi/11.3.1/../../../../arm-none-eabi/lib/thumb/v7-m/nofp/crt0.o (exit)
C:/ST/STM32CubeIDE_1.13.0/STM32CubeIDE/plugins/com.st.stm32cube.ide.mcu.externaltools.gnu-tools-for-stm32.11.3.rel1.win32_1.1.0.202305231506/tools/bin/../lib/gcc/arm-none-eabi/11.3.1/../../../../arm-none-eabi/lib/thumb/v7-m/nofp\libc_nano.a(libc_a-findfp.o)
                              C:/ST/STM32CubeIDE_1.13.0/STM32CubeIDE/plugins/com.st.stm32cube.ide.mcu.externaltools.gnu-tools-for-stm32.11.3.rel1.win32_1.1.0.202305231506/tools/bin/../lib/gcc/arm-none-eabi/11.3.1/../../../../arm-none-eabi/lib/thumb/v7-m/nofp\libc_nano.a(libc_a-exit.o) (__stdio_exit_handler)
C:/ST/STM32CubeIDE_1.13.0/STM32CubeIDE/plugins/com.st.stm32cube.ide.mcu.externaltools.gnu-tools-for-stm32.11.3.rel1.win32_1.1.0.202305231506/tools/bin/../lib/gcc/arm-none-eabi/11.3.1/../../../../arm-none-eabi/lib/thumb/v7-m/nofp\libc_nano.a(libc_a-fwalk.o)
                              C:/ST/STM32CubeIDE_1.13.0/STM32CubeIDE/plugins/com.st.stm32cube.ide.mcu.externaltools.gnu-tools-for-stm32.11.3.rel1.win32_1.1.0.202305231506/tools/bin/../lib/gcc/arm-none-eabi/11.3.1/../../../../arm-none-eabi/lib/thumb/v7-m/nofp\libc_nano.a(libc_a-findfp.o) (_fwalk_sglue)
C:/ST/STM32CubeIDE_1.13.0/STM32CubeIDE/plugins/com.st.stm32cube.ide.mcu.externaltools.gnu-tools-for-stm32.11.3.rel1.win32_1.1.0.202305231506/tools/bin/../lib/gcc/arm-none-eabi/11.3.1/../../../../arm-none-eabi/lib/thumb/v7-m/nofp\libc_nano.a(libc_a-stdio.o)
                              C:/ST/STM32CubeIDE_1.13.0/STM32CubeIDE/plugins/com.st.stm32cube.ide.mcu.externaltools.gnu-tools-for-stm32.11.3.rel1.win32_1.1.0.202305231506/tools/bin/../lib/gcc/arm-none-eabi/11.3.1/../../../../arm-none-eabi/lib/thumb/v7-m/nofp\libc_nano.a(libc_a-findfp.o) (__sread)
C:/ST/STM32CubeIDE_1.13.0/STM32CubeIDE/plugins/com.st.stm32cube.ide.mcu.externaltools.gnu-tools-for-stm32.11.3.rel1.win32_1.1.0.202305231506/tools/bin/../lib/gcc/arm-none-eabi/11.3.1/../../../../arm-none-eabi/lib/thumb/v7-m/nofp\libc_nano.a(libc_a-memset.o)
                              C:/ST/STM32CubeIDE_1.13.0/STM32CubeIDE/plugins/com.st.stm32cube.ide.mcu.externaltools.gnu-tools-for-stm32.11.3.rel1.win32_1.1.0.202305231506/tools/bin/../lib/gcc/arm-none-eabi/11.3.1/../../../../arm-none-eabi/lib/thumb/v7-m/nofp/crt0.o (memset)
C:/ST/STM32CubeIDE_1.13.0/STM32CubeIDE/plugins/com.st.stm32cube.ide.mcu.externaltools.gnu-tools-for-stm32.11.3.rel1.win32_1.1.0.202305231506/tools/bin/../lib/gcc/arm-none-eabi/11.3.1/../../../../arm-none-eabi/lib/thumb/v7-m/nofp\libc_nano.a(libc_a-closer.o)
                              C:/ST/STM32CubeIDE_1.13.0/STM32CubeIDE/plugins/com.st.stm32cube.ide.mcu.externaltools.gnu-tools-for-stm32.11.3.rel1.win32_1.1.0.202305231506/tools/bin/../lib/gcc/arm-none-eabi/11.3.1/../../../../arm-none-eabi/lib/thumb/v7-m/nofp\libc_nano.a(libc_a-stdio.o) (_close_r)
C:/ST/STM32CubeIDE_1.13.0/STM32CubeIDE/plugins/com.st.stm32cube.ide.mcu.externaltools.gnu-tools-for-stm32.11.3.rel1.win32_1.1.0.202305231506/tools/bin/../lib/gcc/arm-none-eabi/11.3.1/../../../../arm-none-eabi/lib/thumb/v7-m/nofp\libc_nano.a(libc_a-reent.o)
                              C:/ST/STM32CubeIDE_1.13.0/STM32CubeIDE/plugins/com.st.stm32cube.ide.mcu.externaltools.gnu-tools-for-stm32.11.3.rel1.win32_1.1.0.202305231506/tools/bin/../lib/gcc/arm-none-eabi/11.3.1/../../../../arm-none-eabi/lib/thumb/v7-m/nofp\libc_nano.a(libc_a-closer.o) (errno)
C:/ST/STM32CubeIDE_1.13.0/STM32CubeIDE/plugins/com.st.stm32cube.ide.mcu.externaltools.gnu-tools-for-stm32.11.3.rel1.win32_1.1.0.202305231506/tools/bin/../lib/gcc/arm-none-eabi/11.3.1/../../../../arm-none-eabi/lib/thumb/v7-m/nofp\libc_nano.a(libc_a-impure.o)
                              C:/ST/STM32CubeIDE_1.13.0/STM32CubeIDE/plugins/com.st.stm32cube.ide.mcu.externaltools.gnu-tools-for-stm32.11.3.rel1.win32_1.1.0.202305231506/tools/bin/../lib/gcc/arm-none-eabi/11.3.1/../../../../arm-none-eabi/lib/thumb/v7-m/nofp\libc_nano.a(libc_a-reent.o) (_impure_ptr)
C:/ST/STM32CubeIDE_1.13.0/STM32CubeIDE/plugins/com.st.stm32cube.ide.mcu.externaltools.gnu-tools-for-stm32.11.3.rel1.win32_1.1.0.202305231506/tools/bin/../lib/gcc/arm-none-eabi/11.3.1/../../../../arm-none-eabi/lib/thumb/v7-m/nofp\libc_nano.a(libc_a-lseekr.o)
[...]
Memory Configuration

Name             Origin             Length             Attributes
RAM              0x0000000020000000 0x0000000000005000 xrw
FLASH            0x0000000008000000 0x0000000000010000 xr
*default*        0x0000000000000000 0xffffffffffffffff

Linker script and memory map

LOAD C:/ST/STM32CubeIDE_1.13.0/STM32CubeIDE/plugins/com.st.stm32cube.ide.mcu.externaltools.gnu-tools-for-stm32.11.3.rel1.win32_1.1.0.202305231506/tools/bin/../lib/gcc/arm-none-eabi/11.3.1/thumb/v7-m/nofp/crti.o
LOAD C:/ST/STM32CubeIDE_1.13.0/STM32CubeIDE/plugins/com.st.stm32cube.ide.mcu.externaltools.gnu-tools-for-stm32.11.3.rel1.win32_1.1.0.202305231506/tools/bin/../lib/gcc/arm-none-eabi/11.3.1/thumb/v7-m/nofp/crtbegin.o
LOAD C:/ST/STM32CubeIDE_1.13.0/STM32CubeIDE/plugins/com.st.stm32cube.ide.mcu.externaltools.gnu-tools-for-stm32.11.3.rel1.win32_1.1.0.202305231506/tools/bin/../lib/gcc/arm-none-eabi/11.3.1/../../../../arm-none-eabi/lib/thumb/v7-m/nofp/crt0.o
LOAD ./Core/Src/DMA_cfg.o
LOAD ./Core/Src/DMA_core.o
LOAD ./Core/Src/LCD_cfg.o
LOAD ./Core/Src/LCD_core.o
LOAD ./Core/Src/SCHD.o
LOAD ./Core/Src/SPI_cfg.o
LOAD ./Core/Src/SPI_core.o
LOAD ./Core/Src/TEMP.o
LOAD ./Core/Src/adc.o
LOAD ./Core/Src/gpio.o
LOAD ./Core/Src/main.o
LOAD ./Core/Src/stm32f1xx_hal_msp.o
LOAD ./Core/Src/stm32f1xx_it.o
LOAD ./Core/Src/syscalls.o
LOAD ./Core/Src/sysmem.o
LOAD ./Core/Src/system_stm32f1xx.o
LOAD ./Core/Src/tim.o
LOAD ./Core/Src/usart.o
LOAD ./Core/Startup/startup_stm32f103c8tx.o
LOAD ./Drivers/STM32F1xx_HAL_Driver/Src/stm32f1xx_hal.o
LOAD ./Drivers/STM32F1xx_HAL_Driver/Src/stm32f1xx_hal_adc.o
LOAD ./Drivers/STM32F1xx_HAL_Driver/Src/stm32f1xx_hal_adc_ex.o
LOAD ./Drivers/STM32F1xx_HAL_Driver/Src/stm32f1xx_hal_cortex.o
LOAD ./Drivers/STM32F1xx_HAL_Driver/Src/stm32f1xx_hal_dma.o
LOAD ./Drivers/STM32F1xx_HAL_Driver/Src/stm32f1xx_hal_exti.o
LOAD ./Drivers/STM32F1xx_HAL_Driver/Src/stm32f1xx_hal_flash.o
LOAD ./Drivers/STM32F1xx_HAL_Driver/Src/stm32f1xx_hal_flash_ex.o
LOAD ./Drivers/STM32F1xx_HAL_Driver/Src/stm32f1xx_hal_gpio.o
LOAD ./Drivers/STM32F1xx_HAL_Driver/Src/stm32f1xx_hal_gpio_ex.o
LOAD ./Drivers/STM32F1xx_HAL_Driver/Src/stm32f1xx_hal_pwr.o
LOAD ./Drivers/STM32F1xx_HAL_Driver/Src/stm32f1xx_hal_rcc.o
LOAD ./Drivers/STM32F1xx_HAL_Driver/Src/stm32f1xx_hal_rcc_ex.o
LOAD ./Drivers/STM32F1xx_HAL_Driver/Src/stm32f1xx_hal_tim.o
LOAD ./Drivers/STM32F1xx_HAL_Driver/Src/stm32f1xx_hal_tim_ex.o
LOAD ./Drivers/STM32F1xx_HAL_Driver/Src/stm32f1xx_hal_uart.o
START GROUP
LOAD C:/ST/STM32CubeIDE_1.13.0/STM32CubeIDE/plugins/com.st.stm32cube.ide.mcu.externaltools.gnu-tools-for-stm32.11.3.rel1.win32_1.1.0.202305231506/tools/bin/../lib/gcc/arm-none-eabi/11.3.1/../../../../arm-none-eabi/lib/thumb/v7-m/nofp\libc_nano.a
LOAD C:/ST/STM32CubeIDE_1.13.0/STM32CubeIDE/plugins/com.st.stm32cube.ide.mcu.externaltools.gnu-tools-for-stm32.11.3.rel1.win32_1.1.0.202305231506/tools/bin/../lib/gcc/arm-none-eabi/11.3.1/../../../../arm-none-eabi/lib/thumb/v7-m/nofp\libm.a
END GROUP
START GROUP
LOAD C:/ST/STM32CubeIDE_1.13.0/STM32CubeIDE/plugins/com.st.stm32cube.ide.mcu.externaltools.gnu-tools-for-stm32.11.3.rel1.win32_1.1.0.202305231506/tools/bin/../lib/gcc/arm-none-eabi/11.3.1/thumb/v7-m/nofp\libgcc.a
LOAD C:/ST/STM32CubeIDE_1.13.0/STM32CubeIDE/plugins/com.st.stm32cube.ide.mcu.externaltools.gnu-tools-for-stm32.11.3.rel1.win32_1.1.0.202305231506/tools/bin/../lib/gcc/arm-none-eabi/11.3.1/../../../../arm-none-eabi/lib/thumb/v7-m/nofp\libc_nano.a
END GROUP
START GROUP
LOAD C:/ST/STM32CubeIDE_1.13.0/STM32CubeIDE/plugins/com.st.stm32cube.ide.mcu.externaltools.gnu-tools-for-stm32.11.3.rel1.win32_1.1.0.202305231506/tools/bin/../lib/gcc/arm-none-eabi/11.3.1/thumb/v7-m/nofp\libgcc.a
LOAD C:/ST/STM32CubeIDE_1.13.0/STM32CubeIDE/plugins/com.st.stm32cube.ide.mcu.externaltools.gnu-tools-for-stm32.11.3.rel1.win32_1.1.0.202305231506/tools/bin/../lib/gcc/arm-none-eabi/11.3.1/../../../../arm-none-eabi/lib/thumb/v7-m/nofp\libc_nano.a
LOAD C:/ST/STM32CubeIDE_1.13.0/STM32CubeIDE/plugins/com.st.stm32cube.ide.mcu.externaltools.gnu-tools-for-stm32.11.3.rel1.win32_1.1.0.202305231506/tools/bin/../lib/gcc/arm-none-eabi/11.3.1/../../../../arm-none-eabi/lib/thumb/v7-m/nofp\libnosys.a
END GROUP
START GROUP
LOAD C:/ST/STM32CubeIDE_1.13.0/STM32CubeIDE/plugins/com.st.stm32cube.ide.mcu.externaltools.gnu-tools-for-stm32.11.3.rel1.win32_1.1.0.202305231506/tools/bin/../lib/gcc/arm-none-eabi/11.3.1/thumb/v7-m/nofp\libgcc.a
LOAD C:/ST/STM32CubeIDE_1.13.0/STM32CubeIDE/plugins/com.st.stm32cube.ide.mcu.externaltools.gnu-tools-for-stm32.11.3.rel1.win32_1.1.0.202305231506/tools/bin/../lib/gcc/arm-none-eabi/11.3.1/../../../../arm-none-eabi/lib/thumb/v7-m/nofp\libc_nano.a
LOAD C:/ST/STM32CubeIDE_1.13.0/STM32CubeIDE/plugins/com.st.stm32cube.ide.mcu.externaltools.gnu-tools-for-stm32.11.3.rel1.win32_1.1.0.202305231506/tools/bin/../lib/gcc/arm-none-eabi/11.3.1/../../../../arm-none-eabi/lib/thumb/v7-m/nofp\libnosys.a
END GROUP
LOAD C:/ST/STM32CubeIDE_1.13.0/STM32CubeIDE/plugins/com.st.stm32cube.ide.mcu.externaltools.gnu-tools-for-stm32.11.3.rel1.win32_1.1.0.202305231506/tools/bin/../lib/gcc/arm-none-eabi/11.3.1/thumb/v7-m/nofp/crtend.o
LOAD C:/ST/STM32CubeIDE_1.13.0/STM32CubeIDE/plugins/com.st.stm32cube.ide.mcu.externaltools.gnu-tools-for-stm32.11.3.rel1.win32_1.1.0.202305231506/tools/bin/../lib/gcc/arm-none-eabi/11.3.1/thumb/v7-m/nofp/crtn.o
                0x0000000020005000                _estack = (ORIGIN (RAM) + LENGTH (RAM))
                0x0000000000000200                _Min_Heap_Size = 0x200
                0x0000000000000400                _Min_Stack_Size = 0x400

.isr_vector     0x0000000008000000      0x10c
                0x0000000008000000                . = ALIGN (0x4)
 *(.isr_vector)
 .isr_vector    0x0000000008000000      0x10c ./Core/Startup/startup_stm32f103c8tx.o
                0x0000000008000000                g_pfnVectors
                0x000000000800010c                . = ALIGN (0x4)

.text           0x0000000008000110     0x396c
                0x0000000008000110                . = ALIGN (0x4)
 *(.text)
 .text          0x0000000008000110       0x40 C:/ST/STM32CubeIDE_1.13.0/STM32CubeIDE/plugins/com.st.stm32cube.ide.mcu.externaltools.gnu-tools-for-stm32.11.3.rel1.win32_1.1.0.202305231506/tools/bin/../lib/gcc/arm-none-eabi/11.3.1/thumb/v7-m/nofp/crtbegin.o
 .text          0x0000000008000150      0x254 C:/ST/STM32CubeIDE_1.13.0/STM32CubeIDE/plugins/com.st.stm32cube.ide.mcu.externaltools.gnu-tools-for-stm32.11.3.rel1.win32_1.1.0.202305231506/tools/bin/../lib/gcc/arm-none-eabi/11.3.1/thumb/v7-m/nofp\libgcc.a(_arm_muldf3.o)
                0x0000000008000150                __muldf3
                0x0000000008000150                __aeabi_dmul
 .text          0x00000000080003a4      0x378 C:/ST/STM32CubeIDE_1.13.0/STM32CubeIDE/plugins/com.st.stm32cube.ide.mcu.externaltools.gnu-tools-for-stm32.11.3.rel1.win32_1.1.0.202305231506/tools/bin/../lib/gcc/arm-none-eabi/11.3.1/thumb/v7-m/nofp\libgcc.a(_arm_addsubdf3.o)
                0x00000000080003a4                __aeabi_drsub
                0x00000000080003ac                __aeabi_dsub
                0x00000000080003ac                __subdf3
                0x00000000080003b0                __aeabi_dadd
                0x00000000080003b0                __adddf3
                0x0000000008000628                __floatunsidf
                0x0000000008000628                __aeabi_ui2d
                0x0000000008000648                __floatsidf
                0x0000000008000648                __aeabi_i2d
                0x000000000800066c                __aeabi_f2d
                0x000000000800066c                __extendsfdf2
                0x00000000080006b0                __floatundidf
                0x00000000080006b0                __aeabi_ul2d
                0x00000000080006c0                __floatdidf
                0x00000000080006c0                __aeabi_l2d
 .text          0x000000000800071c       0xa0 C:/ST/STM32CubeIDE_1.13.0/STM32CubeIDE/plugins/com.st.stm32cube.ide.mcu.externaltools.gnu-tools-for-stm32.11.3.rel1.win32_1.1.0.202305231506/tools/bin/../lib/gcc/arm-none-eabi/11.3.1/thumb/v7-m/nofp\libgcc.a(_arm_truncdfsf2.o)
                0x000000000800071c                __truncdfsf2
                0x000000000800071c                __aeabi_d2f
 .text          0x00000000080007bc      0x21c C:/ST/STM32CubeIDE_1.13.0/STM32CubeIDE/plugins/com.st.stm32cube.ide.mcu.externaltools.gnu-tools-for-stm32.11.3.rel1.win32_1.1.0.202305231506/tools/bin/../lib/gcc/arm-none-eabi/11.3.1/thumb/v7-m/nofp\libgcc.a(_arm_addsubsf3.o)
                0x00000000080007bc                __aeabi_frsub
                0x00000000080007c4                __subsf3
                0x00000000080007c4                __aeabi_fsub
                0x00000000080007c8                __aeabi_fadd
                0x00000000080007c8                __addsf3
                0x0000000008000928                __aeabi_ui2f
                0x0000000008000928                __floatunsisf
                0x0000000008000930                __aeabi_i2f
                0x0000000008000930                __floatsisf
                0x000000000800094c                __aeabi_ul2f
                0x000000000800094c                __floatundisf
                0x000000000800095c                __aeabi_l2f
                0x000000000800095c                __floatdisf
 *(.text*)
 .text.DMA_Init
                0x00000000080009d8      0x13c ./Core/Src/DMA_core.o
                0x00000000080009d8                DMA_Init
 .text.DMA_EnableChannel
                0x0000000008000b14       0x40 ./Core/Src/DMA_core.o
                0x0000000008000b14                DMA_EnableChannel
 .text.DMA_DisableChannel
                0x0000000008000b54       0x40 ./Core/Src/DMA_core.o
                0x0000000008000b54                DMA_DisableChannel
 .text.DMA_Start
                0x0000000008000b94       0xb0 ./Core/Src/DMA_core.o
                0x0000000008000b94                DMA_Start
 .text.DMA_IRQ_HandlerSet
                0x0000000008000c44       0x2c ./Core/Src/DMA_core.o
                0x0000000008000c44                DMA_IRQ_HandlerSet
 .text.Task_1   0x0000000008000c70       0x18 ./Core/Src/SCHD.o
                0x0000000008000c70                Task_1
 .text.Task_10  0x0000000008000c88       0x24 ./Core/Src/SCHD.o
                0x0000000008000c88                Task_10
 .text.Task_20  0x0000000008000cac       0x24 ./Core/Src/SCHD.o
                0x0000000008000cac                Task_20
 .text.SCHD_Init
                0x0000000008000cd0       0x68 ./Core/Src/SCHD.o
                0x0000000008000cd0                SCHD_Init
 .text.SCHD_InterruptHandler
                0x0000000008000d38       0xcc ./Core/Src/SCHD.o
                0x0000000008000d38                SCHD_InterruptHandler
 .text.SCHD_TaskReadyGet
                0x0000000008000e04       0x2c ./Core/Src/SCHD.o
                0x0000000008000e04                SCHD_TaskReadyGet
 .text.SCHD_TaskReadyToFalseSet
                0x0000000008000e30       0x2c ./Core/Src/SCHD.o
                0x0000000008000e30                SCHD_TaskReadyToFalseSet
 .text.SCHD_Main
                0x0000000008000e5c       0x58 ./Core/Src/SCHD.o
                0x0000000008000e5c                SCHD_Main
 .text.SPI_Init
                0x0000000008000eb4      0x120 ./Core/Src/SPI_core.o
                0x0000000008000eb4                SPI_Init
 .text.TEMP_GetRawADC
                0x0000000008000fd4       0x2c ./Core/Src/TEMP.o
                0x0000000008000fd4                TEMP_GetRawADC
 .text.TEMP_ConvertToTemp
                0x0000000008001000       0x68 ./Core/Src/TEMP.o
                0x0000000008001000                TEMP_ConvertToTemp
 .text.MX_ADC1_Init
                0x0000000008001068       0x8c ./Core/Src/adc.o
                0x0000000008001068                MX_ADC1_Init
 .text.HAL_ADC_MspInit
                0x00000000080010f4       0x3c ./Core/Src/adc.o
                0x00000000080010f4                HAL_ADC_MspInit
 .text.MX_GPIO_Init
                0x0000000008001130       0xa0 ./Core/Src/gpio.o
                0x0000000008001130                MX_GPIO_Init
 .text.main     0x00000000080011d0       0xc4 ./Core/Src/main.o
                0x00000000080011d0                main
 .text.SystemClock_Config
                0x0000000008001294       0xb6 ./Core/Src/main.o
                0x0000000008001294                SystemClock_Config
 .text.MX_NVIC_Init
                0x000000000800134a       0x18 ./Core/Src/main.o
 .text.HAL_TIM_PeriodElapsedCallback
                0x0000000008001362       0x1e ./Core/Src/main.o
                0x0000000008001362                HAL_TIM_PeriodElapsedCallback
 .text.DMA_IRQ_HANDLER
                0x0000000008001380       0x2c ./Core/Src/main.o
                0x0000000008001380                DMA_IRQ_HANDLER
 .text.Error_Handler
                0x00000000080013ac        0xe ./Core/Src/main.o
                0x00000000080013ac                Error_Handler
 *fill*         0x00000000080013ba        0x2 
 .text.HAL_MspInit
                0x00000000080013bc       0x68 ./Core/Src/stm32f1xx_hal_msp.o
                0x00000000080013bc                HAL_MspInit
 .text.NMI_Handler
                0x0000000008001424        0x6 ./Core/Src/stm32f1xx_it.o
                0x0000000008001424                NMI_Handler
 .text.HardFault_Handler
                0x000000000800142a        0x6 ./Core/Src/stm32f1xx_it.o
                0x000000000800142a                HardFault_Handler
 .text.MemManage_Handler
                0x0000000008001430        0x6 ./Core/Src/stm32f1xx_it.o
                0x0000000008001430                MemManage_Handler
 .text.BusFault_Handler
                0x0000000008001436        0x6 ./Core/Src/stm32f1xx_it.o
                0x0000000008001436                BusFault_Handler
 .text.UsageFault_Handler
                0x000000000800143c        0x6 ./Core/Src/stm32f1xx_it.o
                0x000000000800143c                UsageFault_Handler
 .text.SVC_Handler
                0x0000000008001442        0xc ./Core/Src/stm32f1xx_it.o
                0x0000000008001442                SVC_Handler
 .text.DebugMon_Handler
                0x000000000800144e        0xc ./Core/Src/stm32f1xx_it.o
                0x000000000800144e                DebugMon_Handler
 .text.PendSV_Handler
                0x000000000800145a        0xc ./Core/Src/stm32f1xx_it.o
                0x000000000800145a                PendSV_Handler
 .text.SysTick_Handler
                0x0000000008001466        0xc ./Core/Src/stm32f1xx_it.o
                0x0000000008001466                SysTick_Handler
 *fill*         0x0000000008001472        0x2 
 .text.TIM2_IRQHandler
                0x0000000008001474       0x14 ./Core/Src/stm32f1xx_it.o
                0x0000000008001474                TIM2_IRQHandler
 .text.DMA1_Channel1_IRQHandler
                0x0000000008001488       0x14 ./Core/Src/stm32f1xx_it.o
                0x0000000008001488                DMA1_Channel1_IRQHandler
 .text.SystemInit
                0x000000000800149c        0xc ./Core/Src/system_stm32f1xx.o
                0x000000000800149c                SystemInit
 .text.MX_TIM2_Init
                0x00000000080014a8       0x9c ./Core/Src/tim.o
                0x00000000080014a8                MX_TIM2_Init
 .text.HAL_TIM_Base_MspInit
                0x0000000008001544       0x38 ./Core/Src/tim.o
                0x0000000008001544                HAL_TIM_Base_MspInit
 .text.MX_USART1_UART_Init
                0x000000000800157c       0x58 ./Core/Src/usart.o
                0x000000000800157c                MX_USART1_UART_Init
 .text.HAL_UART_MspInit
                0x00000000080015d4       0x98 ./Core/Src/usart.o
                0x00000000080015d4                HAL_UART_MspInit
 .text.Reset_Handler
                0x000000000800166c       0x48 ./Core/Startup/startup_stm32f103c8tx.o
                0x000000000800166c                Reset_Handler
 .text.Default_Handler
                0x00000000080016b4        0x2 ./Core/Startup/startup_stm32f103c8tx.o
                0x00000000080016b4                RTC_Alarm_IRQHandler
                0x00000000080016b4                EXTI2_IRQHandler
                0x00000000080016b4                TIM1_CC_IRQHandler
                0x00000000080016b4                PVD_IRQHandler
                0x00000000080016b4                EXTI3_IRQHandler
                0x00000000080016b4                EXTI0_IRQHandler
                0x00000000080016b4                I2C2_EV_IRQHandler
                0x00000000080016b4                ADC1_2_IRQHandler
                0x00000000080016b4                SPI1_IRQHandler
                0x00000000080016b4                TAMPER_IRQHandler
                0x00000000080016b4                DMA1_Channel4_IRQHandler
                0x00000000080016b4                USART3_IRQHandler
                0x00000000080016b4                RTC_IRQHandler
                0x00000000080016b4                DMA1_Channel7_IRQHandler
                0x00000000080016b4                CAN1_RX1_IRQHandler
                0x00000000080016b4                TIM4_IRQHandler
                0x00000000080016b4                I2C1_EV_IRQHandler
                0x00000000080016b4                DMA1_Channel6_IRQHandler
                0x00000000080016b4                TIM3_IRQHandler
                0x00000000080016b4                RCC_IRQHandler
                0x00000000080016b4                TIM1_TRG_COM_IRQHandler
                0x00000000080016b4                Default_Handler
                0x00000000080016b4                EXTI15_10_IRQHandler
                0x00000000080016b4                EXTI9_5_IRQHandler
                0x00000000080016b4                SPI2_IRQHandler
                0x00000000080016b4                DMA1_Channel5_IRQHandler
                0x00000000080016b4                EXTI4_IRQHandler
                0x00000000080016b4                USB_LP_CAN1_RX0_IRQHandler
                0x00000000080016b4                USB_HP_CAN1_TX_IRQHandler
                0x00000000080016b4                DMA1_Channel3_IRQHandler
                0x00000000080016b4                TIM1_UP_IRQHandler
                0x00000000080016b4                WWDG_IRQHandler
                0x00000000080016b4                TIM1_BRK_IRQHandler
                0x00000000080016b4                EXTI1_IRQHandler
                0x00000000080016b4                USART2_IRQHandler
                0x00000000080016b4                I2C2_ER_IRQHandler
                0x00000000080016b4                DMA1_Channel2_IRQHandler
                0x00000000080016b4                CAN1_SCE_IRQHandler
                0x00000000080016b4                FLASH_IRQHandler
                0x00000000080016b4                USART1_IRQHandler
                0x00000000080016b4                I2C1_ER_IRQHandler
                0x00000000080016b4                USBWakeUp_IRQHandler
 *fill*         0x00000000080016b6        0x2 
 .text.HAL_Init
                0x00000000080016b8       0x2c ./Drivers/STM32F1xx_HAL_Driver/Src/stm32f1xx_hal.o
                0x00000000080016b8                HAL_Init
 .text.HAL_InitTick
                0x00000000080016e4       0x60 ./Drivers/STM32F1xx_HAL_Driver/Src/stm32f1xx_hal.o
                0x00000000080016e4                HAL_InitTick
 .text.HAL_IncTick
                0x0000000008001744       0x24 ./Drivers/STM32F1xx_HAL_Driver/Src/stm32f1xx_hal.o
                0x0000000008001744                HAL_IncTick
 .text.HAL_GetTick
                0x0000000008001768       0x14 ./Drivers/STM32F1xx_HAL_Driver/Src/stm32f1xx_hal.o
                0x0000000008001768                HAL_GetTick
 .text.HAL_ADC_Init
                0x000000000800177c      0x1b0 ./Drivers/STM32F1xx_HAL_Driver/Src/stm32f1xx_hal_adc.o
                0x000000000800177c                HAL_ADC_Init
 .text.HAL_ADC_Start
                0x000000000800192c      0x15c ./Drivers/STM32F1xx_HAL_Driver/Src/stm32f1xx_hal_adc.o
                0x000000000800192c                HAL_ADC_Start
 .text.HAL_ADC_PollForConversion
                0x0000000008001a88      0x20c ./Drivers/STM32F1xx_HAL_Driver/Src/stm32f1xx_hal_adc.o
                0x0000000008001a88                HAL_ADC_PollForConversion
 .text.HAL_ADC_GetValue
                0x0000000008001c94       0x18 ./Drivers/STM32F1xx_HAL_Driver/Src/stm32f1xx_hal_adc.o
                0x0000000008001c94                HAL_ADC_GetValue
 .text.HAL_ADC_ConfigChannel
                0x0000000008001cac      0x1f0 ./Drivers/STM32F1xx_HAL_Driver/Src/stm32f1xx_hal_adc.o
                0x0000000008001cac                HAL_ADC_ConfigChannel
 .text.ADC_Enable
                0x0000000008001e9c       0xb4 ./Drivers/STM32F1xx_HAL_Driver/Src/stm32f1xx_hal_adc.o
                0x0000000008001e9c                ADC_Enable
 .text.ADC_ConversionStop_Disable
                0x0000000008001f50       0x82 ./Drivers/STM32F1xx_HAL_Driver/Src/stm32f1xx_hal_adc.o
                0x0000000008001f50                ADC_ConversionStop_Disable
 *fill*         0x0000000008001fd2        0x2 
 .text.__NVIC_SetPriorityGrouping
                0x0000000008001fd4       0x48 ./Drivers/STM32F1xx_HAL_Driver/Src/stm32f1xx_hal_cortex.o
 .text.__NVIC_GetPriorityGrouping
                0x000000000800201c       0x1c ./Drivers/STM32F1xx_HAL_Driver/Src/stm32f1xx_hal_cortex.o
 .text.__NVIC_EnableIRQ
                0x0000000008002038       0x38 ./Drivers/STM32F1xx_HAL_Driver/Src/stm32f1xx_hal_cortex.o
 .text.__NVIC_SetPriority
                0x0000000008002070       0x54 ./Drivers/STM32F1xx_HAL_Driver/Src/stm32f1xx_hal_cortex.o
 .text.NVIC_EncodePriority
                0x00000000080020c4       0x64 ./Drivers/STM32F1xx_HAL_Driver/Src/stm32f1xx_hal_cortex.o
 .text.SysTick_Config
                0x0000000008002128       0x44 ./Drivers/STM32F1xx_HAL_Driver/Src/stm32f1xx_hal_cortex.o
 .text.HAL_NVIC_SetPriorityGrouping
                0x000000000800216c       0x16 ./Drivers/STM32F1xx_HAL_Driver/Src/stm32f1xx_hal_cortex.o
                0x000000000800216c                HAL_NVIC_SetPriorityGrouping
 .text.HAL_NVIC_SetPriority
                0x0000000008002182       0x38 ./Drivers/STM32F1xx_HAL_Driver/Src/stm32f1xx_hal_cortex.o
                0x0000000008002182                HAL_NVIC_SetPriority
 .text.HAL_NVIC_EnableIRQ
                0x00000000080021ba       0x1c ./Drivers/STM32F1xx_HAL_Driver/Src/stm32f1xx_hal_cortex.o
                0x00000000080021ba                HAL_NVIC_EnableIRQ
 .text.HAL_SYSTICK_Config
                0x00000000080021d6       0x18 ./Drivers/STM32F1xx_HAL_Driver/Src/stm32f1xx_hal_cortex.o
                0x00000000080021d6                HAL_SYSTICK_Config
 *fill*         0x00000000080021ee        0x2 
 .text.HAL_GPIO_Init
                0x00000000080021f0      0x308 ./Drivers/STM32F1xx_HAL_Driver/Src/stm32f1xx_hal_gpio.o
                0x00000000080021f0                HAL_GPIO_Init
 .text.HAL_GPIO_WritePin
                0x00000000080024f8       0x30 ./Drivers/STM32F1xx_HAL_Driver/Src/stm32f1xx_hal_gpio.o
                0x00000000080024f8                HAL_GPIO_WritePin
 .text.HAL_GPIO_TogglePin
                0x0000000008002528       0x32 ./Drivers/STM32F1xx_HAL_Driver/Src/stm32f1xx_hal_gpio.o
                0x0000000008002528                HAL_GPIO_TogglePin
 *fill*         0x000000000800255a        0x2 
 .text.HAL_RCC_OscConfig
                0x000000000800255c      0x504 ./Drivers/STM32F1xx_HAL_Driver/Src/stm32f1xx_hal_rcc.o
                0x000000000800255c                HAL_RCC_OscConfig
 .text.HAL_RCC_ClockConfig
                0x0000000008002a60      0x1d4 ./Drivers/STM32F1xx_HAL_Driver/Src/stm32f1xx_hal_rcc.o
                0x0000000008002a60                HAL_RCC_ClockConfig
 .text.HAL_RCC_GetSysClockFreq
                0x0000000008002c34       0xa8 ./Drivers/STM32F1xx_HAL_Driver/Src/stm32f1xx_hal_rcc.o
                0x0000000008002c34                HAL_RCC_GetSysClockFreq
 .text.HAL_RCC_GetHCLKFreq
                0x0000000008002cdc       0x14 ./Drivers/STM32F1xx_HAL_Driver/Src/stm32f1xx_hal_rcc.o
                0x0000000008002cdc                HAL_RCC_GetHCLKFreq
 .text.HAL_RCC_GetPCLK1Freq
                0x0000000008002cf0       0x28 ./Drivers/STM32F1xx_HAL_Driver/Src/stm32f1xx_hal_rcc.o
                0x0000000008002cf0                HAL_RCC_GetPCLK1Freq
 .text.HAL_RCC_GetPCLK2Freq
                0x0000000008002d18       0x28 ./Drivers/STM32F1xx_HAL_Driver/Src/stm32f1xx_hal_rcc.o
                0x0000000008002d18                HAL_RCC_GetPCLK2Freq
 .text.RCC_Delay
                0x0000000008002d40       0x3c ./Drivers/STM32F1xx_HAL_Driver/Src/stm32f1xx_hal_rcc.o
 .text.HAL_RCCEx_PeriphCLKConfig
                0x0000000008002d7c      0x16c ./Drivers/STM32F1xx_HAL_Driver/Src/stm32f1xx_hal_rcc_ex.o
                0x0000000008002d7c                HAL_RCCEx_PeriphCLKConfig
 .text.HAL_RCCEx_GetPeriphCLKFreq
                0x0000000008002ee8      0x16c ./Drivers/STM32F1xx_HAL_Driver/Src/stm32f1xx_hal_rcc_ex.o
                0x0000000008002ee8                HAL_RCCEx_GetPeriphCLKFreq
 .text.HAL_TIM_Base_Init
                0x0000000008003054       0x9e ./Drivers/STM32F1xx_HAL_Driver/Src/stm32f1xx_hal_tim.o
                0x0000000008003054                HAL_TIM_Base_Init
 *fill*         0x00000000080030f2        0x2 
 .text.HAL_TIM_Base_Start_IT
                0x00000000080030f4       0xa4 ./Drivers/STM32F1xx_HAL_Driver/Src/stm32f1xx_hal_tim.o
                0x00000000080030f4                HAL_TIM_Base_Start_IT
 .text.HAL_TIM_IRQHandler
                0x0000000008003198      0x210 ./Drivers/STM32F1xx_HAL_Driver/Src/stm32f1xx_hal_tim.o
                0x0000000008003198                HAL_TIM_IRQHandler
 .text.HAL_TIM_ConfigClockSource
                0x00000000080033a8      0x18e ./Drivers/STM32F1xx_HAL_Driver/Src/stm32f1xx_hal_tim.o
                0x00000000080033a8                HAL_TIM_ConfigClockSource
 .text.HAL_TIM_OC_DelayElapsedCallback
                0x0000000008003536       0x12 ./Drivers/STM32F1xx_HAL_Driver/Src/stm32f1xx_hal_tim.o
                0x0000000008003536                HAL_TIM_OC_DelayElapsedCallback
 .text.HAL_TIM_IC_CaptureCallback
                0x0000000008003548       0x12 ./Drivers/STM32F1xx_HAL_Driver/Src/stm32f1xx_hal_tim.o
                0x0000000008003548                HAL_TIM_IC_CaptureCallback
 .text.HAL_TIM_PWM_PulseFinishedCallback
                0x000000000800355a       0x12 ./Drivers/STM32F1xx_HAL_Driver/Src/stm32f1xx_hal_tim.o
                0x000000000800355a                HAL_TIM_PWM_PulseFinishedCallback
 .text.HAL_TIM_TriggerCallback
                0x000000000800356c       0x12 ./Drivers/STM32F1xx_HAL_Driver/Src/stm32f1xx_hal_tim.o
                0x000000000800356c                HAL_TIM_TriggerCallback
 *fill*         0x000000000800357e        0x2 
 .text.TIM_Base_SetConfig
                0x0000000008003580       0xc4 ./Drivers/STM32F1xx_HAL_Driver/Src/stm32f1xx_hal_tim.o
                0x0000000008003580                TIM_Base_SetConfig
 .text.TIM_TI1_ConfigInputStage
                0x0000000008003644       0x5c ./Drivers/STM32F1xx_HAL_Driver/Src/stm32f1xx_hal_tim.o
 .text.TIM_TI2_ConfigInputStage
                0x00000000080036a0       0x5e ./Drivers/STM32F1xx_HAL_Driver/Src/stm32f1xx_hal_tim.o
 .text.TIM_ITRx_SetConfig
                0x00000000080036fe       0x34 ./Drivers/STM32F1xx_HAL_Driver/Src/stm32f1xx_hal_tim.o
 .text.TIM_ETR_SetConfig
                0x0000000008003732       0x3e ./Drivers/STM32F1xx_HAL_Driver/Src/stm32f1xx_hal_tim.o
                0x0000000008003732                TIM_ETR_SetConfig
 .text.HAL_TIMEx_MasterConfigSynchronization
                0x0000000008003770       0xbc ./Drivers/STM32F1xx_HAL_Driver/Src/stm32f1xx_hal_tim_ex.o
                0x0000000008003770                HAL_TIMEx_MasterConfigSynchronization
 .text.HAL_TIMEx_CommutCallback
                0x000000000800382c       0x12 ./Drivers/STM32F1xx_HAL_Driver/Src/stm32f1xx_hal_tim_ex.o
                0x000000000800382c                HAL_TIMEx_CommutCallback
 .text.HAL_TIMEx_BreakCallback
                0x000000000800383e       0x12 ./Drivers/STM32F1xx_HAL_Driver/Src/stm32f1xx_hal_tim_ex.o
                0x000000000800383e                HAL_TIMEx_BreakCallback
 .text.HAL_UART_Init
                0x0000000008003850       0xa0 ./Drivers/STM32F1xx_HAL_Driver/Src/stm32f1xx_hal_uart.o
                0x0000000008003850                HAL_UART_Init
 .text.UART_SetConfig
                0x00000000080038f0      0x11c ./Drivers/STM32F1xx_HAL_Driver/Src/stm32f1xx_hal_uart.o
 .text.memset   0x0000000008003a0c       0x10 C:/ST/STM32CubeIDE_1.13.0/STM32CubeIDE/plugins/com.st.stm32cube.ide.mcu.externaltools.gnu-tools-for-stm32.11.3.rel1.win32_1.1.0.202305231506/tools/bin/../lib/gcc/arm-none-eabi/11.3.1/../../../../arm-none-eabi/lib/thumb/v7-m/nofp\libc_nano.a(libc_a-memset.o)
                0x0000000008003a0c                memset
 .text.__libc_init_array
                0x0000000008003a1c       0x48 C:/ST/STM32CubeIDE_1.13.0/STM32CubeIDE/plugins/com.st.stm32cube.ide.mcu.externaltools.gnu-tools-for-stm32.11.3.rel1.win32_1.1.0.202305231506/tools/bin/../lib/gcc/arm-none-eabi/11.3.1/../../../../arm-none-eabi/lib/thumb/v7-m/nofp\libc_nano.a(libc_a-init.o)
                0x0000000008003a1c                __libc_init_array
 *(.glue_7)
 .glue_7        0x0000000008003a64        0x0 linker stubs
 *(.glue_7t)
 .glue_7t       0x0000000008003a64        0x0 linker stubs
 *(.eh_frame)
 .eh_frame      0x0000000008003a64        0x0 C:/ST/STM32CubeIDE_1.13.0/STM32CubeIDE/plugins/com.st.stm32cube.ide.mcu.externaltools.gnu-tools-for-stm32.11.3.rel1.win32_1.1.0.202305231506/tools/bin/../lib/gcc/arm-none-eabi/11.3.1/thumb/v7-m/nofp/crtbegin.o
 *(.init)
 .init          0x0000000008003a64        0x4 C:/ST/STM32CubeIDE_1.13.0/STM32CubeIDE/plugins/com.st.stm32cube.ide.mcu.externaltools.gnu-tools-for-stm32.11.3.rel1.win32_1.1.0.202305231506/tools/bin/../lib/gcc/arm-none-eabi/11.3.1/thumb/v7-m/nofp/crti.o
                0x0000000008003a64                _init
 .init          0x0000000008003a68        0x8 C:/ST/STM32CubeIDE_1.13.0/STM32CubeIDE/plugins/com.st.stm32cube.ide.mcu.externaltools.gnu-tools-for-stm32.11.3.rel1.win32_1.1.0.202305231506/tools/bin/../lib/gcc/arm-none-eabi/11.3.1/thumb/v7-m/nofp/crtn.o
 *(.fini)
 .fini          0x0000000008003a70        0x4 C:/ST/STM32CubeIDE_1.13.0/STM32CubeIDE/plugins/com.st.stm32cube.ide.mcu.externaltools.gnu-tools-for-stm32.11.3.rel1.win32_1.1.0.202305231506/tools/bin/../lib/gcc/arm-none-eabi/11.3.1/thumb/v7-m/nofp/crti.o
                0x0000000008003a70                _fini
 .fini          0x0000000008003a74        0x8 C:/ST/STM32CubeIDE_1.13.0/STM32CubeIDE/plugins/com.st.stm32cube.ide.mcu.externaltools.gnu-tools-for-stm32.11.3.rel1.win32_1.1.0.202305231506/tools/bin/../lib/gcc/arm-none-eabi/11.3.1/thumb/v7-m/nofp/crtn.o
                0x0000000008003a7c                . = ALIGN (0x4)
                0x0000000008003a7c                _etext = .

.vfp11_veneer   0x0000000008003a7c        0x0
 .vfp11_veneer  0x0000000008003a7c        0x0 linker stubs

.v4_bx          0x0000000008003a7c        0x0
 .v4_bx         0x0000000008003a7c        0x0 linker stubs

.iplt           0x0000000008003a7c        0x0
 .iplt          0x0000000008003a7c        0x0 C:/ST/STM32CubeIDE_1.13.0/STM32CubeIDE/plugins/com.st.stm32cube.ide.mcu.externaltools.gnu-tools-for-stm32.11.3.rel1.win32_1.1.0.202305231506/tools/bin/../lib/gcc/arm-none-eabi/11.3.1/thumb/v7-m/nofp/crtbegin.o

.rodata         0x0000000008003a7c       0x40
                0x0000000008003a7c                . = ALIGN (0x4)
 *(.rodata)
 *(.rodata*)
 .rodata.AHBPrescTable
                0x0000000008003a7c       0x10 ./Core/Src/system_stm32f1xx.o
                0x0000000008003a7c                AHBPrescTable
 .rodata.APBPrescTable
                0x0000000008003a8c        0x8 ./Core/Src/system_stm32f1xx.o
                0x0000000008003a8c                APBPrescTable
 .rodata.aPLLMULFactorTable.1
                0x0000000008003a94       0x10 ./Drivers/STM32F1xx_HAL_Driver/Src/stm32f1xx_hal_rcc.o
 .rodata.aPredivFactorTable.0
                0x0000000008003aa4        0x2 ./Drivers/STM32F1xx_HAL_Driver/Src/stm32f1xx_hal_rcc.o
 *fill*         0x0000000008003aa6        0x2 
 .rodata.aPLLMULFactorTable.1
                0x0000000008003aa8       0x10 ./Drivers/STM32F1xx_HAL_Driver/Src/stm32f1xx_hal_rcc_ex.o
 .rodata.aPredivFactorTable.0
                0x0000000008003ab8        0x2 ./Drivers/STM32F1xx_HAL_Driver/Src/stm32f1xx_hal_rcc_ex.o
                0x0000000008003abc                . = ALIGN (0x4)
 *fill*         0x0000000008003aba        0x2 

.rel.dyn        0x0000000008003abc        0x0
 .rel.iplt      0x0000000008003abc        0x0 C:/ST/STM32CubeIDE_1.13.0/STM32CubeIDE/plugins/com.st.stm32cube.ide.mcu.externaltools.gnu-tools-for-stm32.11.3.rel1.win32_1.1.0.202305231506/tools/bin/../lib/gcc/arm-none-eabi/11.3.1/thumb/v7-m/nofp/crtbegin.o

.ARM.extab      0x0000000008003abc        0x0
                0x0000000008003abc                . = ALIGN (0x4)
 *(.ARM.extab* .gnu.linkonce.armextab.*)
                0x0000000008003abc                . = ALIGN (0x4)

.ARM            0x0000000008003abc        0x0
                0x0000000008003abc                . = ALIGN (0x4)
                0x0000000008003abc                __exidx_start = .
 *(.ARM.exidx*)
                0x0000000008003abc                __exidx_end = .
                0x0000000008003abc                . = ALIGN (0x4)

.preinit_array  0x0000000008003abc        0x0
                0x0000000008003abc                . = ALIGN (0x4)
                0x0000000008003abc                PROVIDE (__preinit_array_start = .)
 *(.preinit_array*)
                0x0000000008003abc                PROVIDE (__preinit_array_end = .)
                0x0000000008003abc                . = ALIGN (0x4)

.init_array     0x0000000008003abc        0x4
                0x0000000008003abc                . = ALIGN (0x4)
                0x0000000008003abc                PROVIDE (__init_array_start = .)
 *(SORT_BY_NAME(.init_array.*))
 *(.init_array*)
 .init_array    0x0000000008003abc        0x4 C:/ST/STM32CubeIDE_1.13.0/STM32CubeIDE/plugins/com.st.stm32cube.ide.mcu.externaltools.gnu-tools-for-stm32.11.3.rel1.win32_1.1.0.202305231506/tools/bin/../lib/gcc/arm-none-eabi/11.3.1/thumb/v7-m/nofp/crtbegin.o
                0x0000000008003ac0                PROVIDE (__init_array_end = .)
                0x0000000008003ac0                . = ALIGN (0x4)

.fini_array     0x0000000008003ac0        0x4
                0x0000000008003ac0                . = ALIGN (0x4)
                [!provide]                        PROVIDE (__fini_array_start = .)
 *(SORT_BY_NAME(.fini_array.*))
 *(.fini_array*)
 .fini_array    0x0000000008003ac0        0x4 C:/ST/STM32CubeIDE_1.13.0/STM32CubeIDE/plugins/com.st.stm32cube.ide.mcu.externaltools.gnu-tools-for-stm32.11.3.rel1.win32_1.1.0.202305231506/tools/bin/../lib/gcc/arm-none-eabi/11.3.1/thumb/v7-m/nofp/crtbegin.o
                [!provide]                        PROVIDE (__fini_array_end = .)
                0x0000000008003ac4                . = ALIGN (0x4)
                0x0000000008003ac4                _sidata = LOADADDR (.data)

.data           0x0000000020000000      0x370 load address 0x0000000008003ac4
                0x0000000020000000                . = ALIGN (0x4)
                0x0000000020000000                _sdata = .
 *(.data)
 *(.data*)
 .data.DMA_config
                0x0000000020000000       0x1c ./Core/Src/DMA_cfg.o
                0x0000000020000000                DMA_config
 .data.SCHDParam
                0x000000002000001c       0x24 ./Core/Src/SCHD.o
                0x000000002000001c                SCHDParam
 .data.SPI_ConfigParams
                0x0000000020000040        0x4 ./Core/Src/SPI_cfg.o
                0x0000000020000040                SPI_ConfigParams
 .data.ADC_DMA_RawValue
                0x0000000020000044      0x190 ./Core/Src/main.o
                0x0000000020000044                ADC_DMA_RawValue
 .data.ADC_DMA_RawValue2
                0x00000000200001d4      0x190 ./Core/Src/main.o
                0x00000000200001d4                ADC_DMA_RawValue2
 .data.SystemCoreClock
                0x0000000020000364        0x4 ./Core/Src/system_stm32f1xx.o
                0x0000000020000364                SystemCoreClock
 .data.uwTickPrio
                0x0000000020000368        0x4 ./Drivers/STM32F1xx_HAL_Driver/Src/stm32f1xx_hal.o
                0x0000000020000368                uwTickPrio
 .data.uwTickFreq
                0x000000002000036c        0x1 ./Drivers/STM32F1xx_HAL_Driver/Src/stm32f1xx_hal.o
                0x000000002000036c                uwTickFreq
 *(.RamFunc)
 *(.RamFunc*)
                0x0000000020000370                . = ALIGN (0x4)
 *fill*         0x000000002000036d        0x3 
                0x0000000020000370                _edata = .

.igot.plt       0x0000000020000370        0x0 load address 0x0000000008003e34
 .igot.plt      0x0000000020000370        0x0 C:/ST/STM32CubeIDE_1.13.0/STM32CubeIDE/plugins/com.st.stm32cube.ide.mcu.externaltools.gnu-tools-for-stm32.11.3.rel1.win32_1.1.0.202305231506/tools/bin/../lib/gcc/arm-none-eabi/11.3.1/thumb/v7-m/nofp/crtbegin.o
                0x0000000020000370                . = ALIGN (0x4)

.bss            0x0000000020000370      0x10c load address 0x0000000008003e34
                0x0000000020000370                _sbss = .
                0x0000000020000370                __bss_start__ = _sbss
 *(.bss)
 .bss           0x0000000020000370       0x1c C:/ST/STM32CubeIDE_1.13.0/STM32CubeIDE/plugins/com.st.stm32cube.ide.mcu.externaltools.gnu-tools-for-stm32.11.3.rel1.win32_1.1.0.202305231506/tools/bin/../lib/gcc/arm-none-eabi/11.3.1/thumb/v7-m/nofp/crtbegin.o
 *(.bss*)
 .bss.DMA_IrqHandler
                0x000000002000038c       0x1c ./Core/Src/DMA_core.o
                0x000000002000038c                DMA_IrqHandler
 .bss.Task_10_cnt
                0x00000000200003a8        0x1 ./Core/Src/SCHD.o
                0x00000000200003a8                Task_10_cnt
 *fill*         0x00000000200003a9        0x3 
 .bss.Temprature
                0x00000000200003ac        0x4 ./Core/Src/SCHD.o
                0x00000000200003ac                Temprature
 .bss.ADC_rawValue
                0x00000000200003b0        0x2 ./Core/Src/TEMP.o
                0x00000000200003b0                ADC_rawValue
 *fill*         0x00000000200003b2        0x2 
 .bss.hadc1     0x00000000200003b4       0x30 ./Core/Src/adc.o
                0x00000000200003b4                hadc1
 .bss.DMA_Ch1IrqCounter
                0x00000000200003e4        0x1 ./Core/Src/main.o
                0x00000000200003e4                DMA_Ch1IrqCounter
 *fill*         0x00000000200003e5        0x3 
 .bss.htim2     0x00000000200003e8       0x48 ./Core/Src/tim.o
                0x00000000200003e8                htim2
 .bss.huart1    0x0000000020000430       0x48 ./Core/Src/usart.o
                0x0000000020000430                huart1
 .bss.uwTick    0x0000000020000478        0x4 ./Drivers/STM32F1xx_HAL_Driver/Src/stm32f1xx_hal.o
                0x0000000020000478                uwTick
 *(COMMON)
                0x000000002000047c                . = ALIGN (0x4)
                0x000000002000047c                _ebss = .
                0x000000002000047c                __bss_end__ = _ebss

._user_heap_stack
                0x000000002000047c      0x604 load address 0x0000000008003e34
                0x0000000020000480                . = ALIGN (0x8)
 *fill*         0x000000002000047c        0x4 
                [!provide]                        PROVIDE (end = .)
                0x0000000020000480                PROVIDE (_end = .)
                0x0000000020000680                . = (. + _Min_Heap_Size)
 *fill*         0x0000000020000480      0x200 
                0x0000000020000a80                . = (. + _Min_Stack_Size)
 *fill*         0x0000000020000680      0x400 
                0x0000000020000a80                . = ALIGN (0x8)

/DISCARD/
 libc.a(*)
 libm.a(*)
 libgcc.a(*)

.ARM.attributes
                0x0000000000000000       0x29
 *(.ARM.attributes)
 .ARM.attributes
                0x0000000000000000       0x1d C:/ST/STM32CubeIDE_1.13.0/STM32CubeIDE/plugins/com.st.stm32cube.ide.mcu.externaltools.gnu-tools-for-stm32.11.3.rel1.win32_1.1.0.202305231506/tools/bin/../lib/gcc/arm-none-eabi/11.3.1/thumb/v7-m/nofp/crti.o
 .ARM.attributes
                0x000000000000001d       0x2d C:/ST/STM32CubeIDE_1.13.0/STM32CubeIDE/plugins/com.st.stm32cube.ide.mcu.externaltools.gnu-tools-for-stm32.11.3.rel1.win32_1.1.0.202305231506/tools/bin/../lib/gcc/arm-none-eabi/11.3.1/thumb/v7-m/nofp/crtbegin.o
 .ARM.attributes
                0x000000000000004a       0x2d ./Core/Src/DMA_cfg.o
 .ARM.attributes
                0x0000000000000077       0x2d ./Core/Src/DMA_core.o
 .ARM.attributes
                0x00000000000000a4       0x2d ./Core/Src/SCHD.o
 .ARM.attributes
                0x00000000000000d1       0x2d ./Core/Src/SPI_cfg.o
 .ARM.attributes
                0x00000000000000fe       0x2d ./Core/Src/SPI_core.o
 .ARM.attributes
                0x000000000000012b       0x2d ./Core/Src/TEMP.o
 .ARM.attributes
                0x0000000000000158       0x2d ./Core/Src/adc.o
 .ARM.attributes
                0x0000000000000185       0x2d ./Core/Src/gpio.o
 .ARM.attributes
                0x00000000000001b2       0x2d ./Core/Src/main.o
 .ARM.attributes
                0x00000000000001df       0x2d ./Core/Src/stm32f1xx_hal_msp.o
 .ARM.attributes
                0x000000000000020c       0x2d ./Core/Src/stm32f1xx_it.o
 .ARM.attributes
                0x0000000000000239       0x2d ./Core/Src/system_stm32f1xx.o
 .ARM.attributes
                0x0000000000000266       0x2d ./Core/Src/tim.o
 .ARM.attributes
                0x0000000000000293       0x2d ./Core/Src/usart.o
 .ARM.attributes
                0x00000000000002c0       0x21 ./Core/Startup/startup_stm32f103c8tx.o
 .ARM.attributes
                0x00000000000002e1       0x2d ./Drivers/STM32F1xx_HAL_Driver/Src/stm32f1xx_hal.o
 .ARM.attributes
                0x000000000000030e       0x2d ./Drivers/STM32F1xx_HAL_Driver/Src/stm32f1xx_hal_adc.o
 .ARM.attributes
                0x000000000000033b       0x2d ./Drivers/STM32F1xx_HAL_Driver/Src/stm32f1xx_hal_cortex.o
 .ARM.attributes
                0x0000000000000368       0x2d ./Drivers/STM32F1xx_HAL_Driver/Src/stm32f1xx_hal_gpio.o
 .ARM.attributes
                0x0000000000000395       0x2d ./Drivers/STM32F1xx_HAL_Driver/Src/stm32f1xx_hal_rcc.o
 .ARM.attributes
                0x00000000000003c2       0x2d ./Drivers/STM32F1xx_HAL_Driver/Src/stm32f1xx_hal_rcc_ex.o
 .ARM.attributes
                0x00000000000003ef       0x2d ./Drivers/STM32F1xx_HAL_Driver/Src/stm32f1xx_hal_tim.o
 .ARM.attributes
                0x000000000000041c       0x2d ./Drivers/STM32F1xx_HAL_Driver/Src/stm32f1xx_hal_tim_ex.o
 .ARM.attributes
                0x0000000000000449       0x2d ./Drivers/STM32F1xx_HAL_Driver/Src/stm32f1xx_hal_uart.o
 .ARM.attributes
                0x0000000000000476       0x2d C:/ST/STM32CubeIDE_1.13.0/STM32CubeIDE/plugins/com.st.stm32cube.ide.mcu.externaltools.gnu-tools-for-stm32.11.3.rel1.win32_1.1.0.202305231506/tools/bin/../lib/gcc/arm-none-eabi/11.3.1/../../../../arm-none-eabi/lib/thumb/v7-m/nofp\libc_nano.a(libc_a-memset.o)
 .ARM.attributes
                0x00000000000004a3       0x2d C:/ST/STM32CubeIDE_1.13.0/STM32CubeIDE/plugins/com.st.stm32cube.ide.mcu.externaltools.gnu-tools-for-stm32.11.3.rel1.win32_1.1.0.202305231506/tools/bin/../lib/gcc/arm-none-eabi/11.3.1/../../../../arm-none-eabi/lib/thumb/v7-m/nofp\libc_nano.a(libc_a-init.o)
 .ARM.attributes
                0x00000000000004d0       0x1d C:/ST/STM32CubeIDE_1.13.0/STM32CubeIDE/plugins/com.st.stm32cube.ide.mcu.externaltools.gnu-tools-for-stm32.11.3.rel1.win32_1.1.0.202305231506/tools/bin/../lib/gcc/arm-none-eabi/11.3.1/thumb/v7-m/nofp\libgcc.a(_arm_muldf3.o)
 .ARM.attributes
                0x00000000000004ed       0x1d C:/ST/STM32CubeIDE_1.13.0/STM32CubeIDE/plugins/com.st.stm32cube.ide.mcu.externaltools.gnu-tools-for-stm32.11.3.rel1.win32_1.1.0.202305231506/tools/bin/../lib/gcc/arm-none-eabi/11.3.1/thumb/v7-m/nofp\libgcc.a(_arm_addsubdf3.o)
 .ARM.attributes
                0x000000000000050a       0x1d C:/ST/STM32CubeIDE_1.13.0/STM32CubeIDE/plugins/com.st.stm32cube.ide.mcu.externaltools.gnu-tools-for-stm32.11.3.rel1.win32_1.1.0.202305231506/tools/bin/../lib/gcc/arm-none-eabi/11.3.1/thumb/v7-m/nofp\libgcc.a(_arm_truncdfsf2.o)
 .ARM.attributes
                0x0000000000000527       0x1d C:/ST/STM32CubeIDE_1.13.0/STM32CubeIDE/plugins/com.st.stm32cube.ide.mcu.externaltools.gnu-tools-for-stm32.11.3.rel1.win32_1.1.0.202305231506/tools/bin/../lib/gcc/arm-none-eabi/11.3.1/thumb/v7-m/nofp\libgcc.a(_arm_addsubsf3.o)
 .ARM.attributes
                0x0000000000000544       0x1d C:/ST/STM32CubeIDE_1.13.0/STM32CubeIDE/plugins/com.st.stm32cube.ide.mcu.externaltools.gnu-tools-for-stm32.11.3.rel1.win32_1.1.0.202305231506/tools/bin/../lib/gcc/arm-none-eabi/11.3.1/thumb/v7-m/nofp/crtn.o
OUTPUT(ARM.elf elf32-littlearm)
LOAD linker stubs
LOAD C:/ST/STM32CubeIDE_1.13.0/STM32CubeIDE/plugins/com.st.stm32cube.ide.mcu.externaltools.gnu-tools-for-stm32.11.3.rel1.win32_1.1.0.202305231506/tools/bin/../lib/gcc/arm-none-eabi/11.3.1/../../../../arm-none-eabi/lib/thumb/v7-m/nofp\libc.a
LOAD C:/ST/STM32CubeIDE_1.13.0/STM32CubeIDE/plugins/com.st.stm32cube.ide.mcu.externaltools.gnu-tools-for-stm32.11.3.rel1.win32_1.1.0.202305231506/tools/bin/../lib/gcc/arm-none-eabi/11.3.1/../../../../arm-none-eabi/lib/thumb/v7-m/nofp\libm.a
LOAD C:/ST/STM32CubeIDE_1.13.0/STM32CubeIDE/plugins/com.st.stm32cube.ide.mcu.externaltools.gnu-tools-for-stm32.11.3.rel1.win32_1.1.0.202305231506/tools/bin/../lib/gcc/arm-none-eabi/11.3.1/thumb/v7-m/nofp\libgcc.a

.comment        0x0000000000000000       0x43
 .comment       0x0000000000000000       0x43 C:/ST/STM32CubeIDE_1.13.0/STM32CubeIDE/plugins/com.st.stm32cube.ide.mcu.externaltools.gnu-tools-for-stm32.11.3.rel1.win32_1.1.0.202305231506/tools/bin/../lib/gcc/arm-none-eabi/11.3.1/thumb/v7-m/nofp/crtbegin.o
                                         0x44 (size before relaxing)
 .comment       0x0000000000000043       0x44 ./Core/Src/DMA_cfg.o
 .comment       0x0000000000000043       0x44 ./Core/Src/DMA_core.o
 .comment       0x0000000000000043       0x44 ./Core/Src/SCHD.o
 .comment       0x0000000000000043       0x44 ./Core/Src/SPI_cfg.o
 .comment       0x0000000000000043       0x44 ./Core/Src/SPI_core.o
 .comment       0x0000000000000043       0x44 ./Core/Src/TEMP.o
 .comment       0x0000000000000043       0x44 ./Core/Src/adc.o
 .comment       0x0000000000000043       0x44 ./Core/Src/gpio.o
 .comment       0x0000000000000043       0x44 ./Core/Src/main.o
 .comment       0x0000000000000043       0x44 ./Core/Src/stm32f1xx_hal_msp.o
 .comment       0x0000000000000043       0x44 ./Core/Src/stm32f1xx_it.o
 .comment       0x0000000000000043       0x44 ./Core/Src/system_stm32f1xx.o
 .comment       0x0000000000000043       0x44 ./Core/Src/tim.o
 .comment       0x0000000000000043       0x44 ./Core/Src/usart.o
 .comment       0x0000000000000043       0x44 ./Drivers/STM32F1xx_HAL_Driver/Src/stm32f1xx_hal.o
 .comment       0x0000000000000043       0x44 ./Drivers/STM32F1xx_HAL_Driver/Src/stm32f1xx_hal_adc.o
 .comment       0x0000000000000043       0x44 ./Drivers/STM32F1xx_HAL_Driver/Src/stm32f1xx_hal_cortex.o
 .comment       0x0000000000000043       0x44 ./Drivers/STM32F1xx_HAL_Driver/Src/stm32f1xx_hal_gpio.o
 .comment       0x0000000000000043       0x44 ./Drivers/STM32F1xx_HAL_Driver/Src/stm32f1xx_hal_rcc.o
 .comment       0x0000000000000043       0x44 ./Drivers/STM32F1xx_HAL_Driver/Src/stm32f1xx_hal_rcc_ex.o
 .comment       0x0000000000000043       0x44 ./Drivers/STM32F1xx_HAL_Driver/Src/stm32f1xx_hal_tim.o
 .comment       0x0000000000000043       0x44 ./Drivers/STM32F1xx_HAL_Driver/Src/stm32f1xx_hal_tim_ex.o
 .comment       0x0000000000000043       0x44 ./Drivers/STM32F1xx_HAL_Driver/Src/stm32f1xx_hal_uart.o

.debug_info     0x0000000000000000     0xeb35
 .debug_info    0x0000000000000000      0x1f5 ./Core/Src/DMA_cfg.o
 .debug_info    0x00000000000001f5      0x3f5 ./Core/Src/DMA_core.o
 .debug_info    0x00000000000005ea      0x39c ./Core/Src/SCHD.o
 .debug_info    0x0000000000000986      0x2f5 ./Core/Src/SPI_cfg.o
 .debug_info    0x0000000000000c7b      0x4c1 ./Core/Src/SPI_core.o
 .debug_info    0x000000000000113c      0x5a0 ./Core/Src/TEMP.o
 .debug_info    0x00000000000016dc      0x685 ./Core/Src/adc.o
 .debug_info    0x0000000000001d61      0x29b ./Core/Src/gpio.o
 .debug_info    0x0000000000001ffc     0x121d ./Core/Src/main.o
 .debug_info    0x0000000000003219      0x204 ./Core/Src/stm32f1xx_hal_msp.o
 .debug_info    0x000000000000341d      0x70d ./Core/Src/stm32f1xx_it.o
 .debug_info    0x0000000000003b2a      0x222 ./Core/Src/system_stm32f1xx.o
 .debug_info    0x0000000000003d4c      0x995 ./Core/Src/tim.o
 .debug_info    0x00000000000046e1      0x798 ./Core/Src/usart.o
 .debug_info    0x0000000000004e79       0x23 ./Core/Startup/startup_stm32f103c8tx.o
 .debug_info    0x0000000000004e9c      0x704 ./Drivers/STM32F1xx_HAL_Driver/Src/stm32f1xx_hal.o
 .debug_info    0x00000000000055a0      0xc50 ./Drivers/STM32F1xx_HAL_Driver/Src/stm32f1xx_hal_adc.o
 .debug_info    0x00000000000061f0      0xa87 ./Drivers/STM32F1xx_HAL_Driver/Src/stm32f1xx_hal_cortex.o
 .debug_info    0x0000000000006c77      0x5ab ./Drivers/STM32F1xx_HAL_Driver/Src/stm32f1xx_hal_gpio.o
 .debug_info    0x0000000000007222      0x7d5 ./Drivers/STM32F1xx_HAL_Driver/Src/stm32f1xx_hal_rcc.o
 .debug_info    0x00000000000079f7      0x3c0 ./Drivers/STM32F1xx_HAL_Driver/Src/stm32f1xx_hal_rcc_ex.o
 .debug_info    0x0000000000007db7     0x293b ./Drivers/STM32F1xx_HAL_Driver/Src/stm32f1xx_hal_tim.o
 .debug_info    0x000000000000a6f2     0x149b ./Drivers/STM32F1xx_HAL_Driver/Src/stm32f1xx_hal_tim_ex.o
 .debug_info    0x000000000000bb8d     0x2fa8 ./Drivers/STM32F1xx_HAL_Driver/Src/stm32f1xx_hal_uart.o

.debug_abbrev   0x0000000000000000     0x2a1b
 .debug_abbrev  0x0000000000000000       0xbd ./Core/Src/DMA_cfg.o
 .debug_abbrev  0x00000000000000bd      0x163 ./Core/Src/DMA_core.o
 .debug_abbrev  0x0000000000000220      0x1d6 ./Core/Src/SCHD.o
 .debug_abbrev  0x00000000000003f6       0xa1 ./Core/Src/SPI_cfg.o
 .debug_abbrev  0x0000000000000497      0x133 ./Core/Src/SPI_core.o
 .debug_abbrev  0x00000000000005ca      0x19a ./Core/Src/TEMP.o
 .debug_abbrev  0x0000000000000764      0x1c1 ./Core/Src/adc.o
 .debug_abbrev  0x0000000000000925      0x13f ./Core/Src/gpio.o
 .debug_abbrev  0x0000000000000a64      0x2b7 ./Core/Src/main.o
 .debug_abbrev  0x0000000000000d1b       0xf7 ./Core/Src/stm32f1xx_hal_msp.o
 .debug_abbrev  0x0000000000000e12      0x199 ./Core/Src/stm32f1xx_it.o
 .debug_abbrev  0x0000000000000fab      0x13f ./Core/Src/system_stm32f1xx.o
 .debug_abbrev  0x00000000000010ea      0x225 ./Core/Src/tim.o
 .debug_abbrev  0x000000000000130f      0x1e6 ./Core/Src/usart.o
 .debug_abbrev  0x00000000000014f5       0x12 ./Core/Startup/startup_stm32f103c8tx.o
 .debug_abbrev  0x0000000000001507      0x201 ./Drivers/STM32F1xx_HAL_Driver/Src/stm32f1xx_hal.o
 .debug_abbrev  0x0000000000001708      0x225 ./Drivers/STM32F1xx_HAL_Driver/Src/stm32f1xx_hal_adc.o
 .debug_abbrev  0x000000000000192d      0x2f8 ./Drivers/STM32F1xx_HAL_Driver/Src/stm32f1xx_hal_cortex.o
 .debug_abbrev  0x0000000000001c25      0x1ca ./Drivers/STM32F1xx_HAL_Driver/Src/stm32f1xx_hal_gpio.o
 .debug_abbrev  0x0000000000001def      0x2b3 ./Drivers/STM32F1xx_HAL_Driver/Src/stm32f1xx_hal_rcc.o
 .debug_abbrev  0x00000000000020a2      0x188 ./Drivers/STM32F1xx_HAL_Driver/Src/stm32f1xx_hal_rcc_ex.o
 .debug_abbrev  0x000000000000222a      0x277 ./Drivers/STM32F1xx_HAL_Driver/Src/stm32f1xx_hal_tim.o
 .debug_abbrev  0x00000000000024a1      0x282 ./Drivers/STM32F1xx_HAL_Driver/Src/stm32f1xx_hal_tim_ex.o
 .debug_abbrev  0x0000000000002723      0x2f8 ./Drivers/STM32F1xx_HAL_Driver/Src/stm32f1xx_hal_uart.o

.debug_aranges  0x0000000000000000      0xe28
 .debug_aranges
                0x0000000000000000       0x18 ./Core/Src/DMA_cfg.o
 .debug_aranges
                0x0000000000000018       0x40 ./Core/Src/DMA_core.o
 .debug_aranges
                0x0000000000000058       0x60 ./Core/Src/SCHD.o
 .debug_aranges
                0x00000000000000b8       0x18 ./Core/Src/SPI_cfg.o
 .debug_aranges
                0x00000000000000d0       0x30 ./Core/Src/SPI_core.o
 .debug_aranges
                0x0000000000000100       0x28 ./Core/Src/TEMP.o
 .debug_aranges
                0x0000000000000128       0x30 ./Core/Src/adc.o
 .debug_aranges
                0x0000000000000158       0x20 ./Core/Src/gpio.o
 .debug_aranges
                0x0000000000000178       0x48 ./Core/Src/main.o
 .debug_aranges
                0x00000000000001c0       0x20 ./Core/Src/stm32f1xx_hal_msp.o
 .debug_aranges
                0x00000000000001e0       0x70 ./Core/Src/stm32f1xx_it.o
 .debug_aranges
                0x0000000000000250       0x28 ./Core/Src/system_stm32f1xx.o
 .debug_aranges
                0x0000000000000278       0x30 ./Core/Src/tim.o
 .debug_aranges
                0x00000000000002a8       0x30 ./Core/Src/usart.o
 .debug_aranges
                0x00000000000002d8       0x28 ./Core/Startup/startup_stm32f103c8tx.o
 .debug_aranges
                0x0000000000000300       0xe0 ./Drivers/STM32F1xx_HAL_Driver/Src/stm32f1xx_hal.o
 .debug_aranges
                0x00000000000003e0       0xf0 ./Drivers/STM32F1xx_HAL_Driver/Src/stm32f1xx_hal_adc.o
 .debug_aranges
                0x00000000000004d0      0x100 ./Drivers/STM32F1xx_HAL_Driver/Src/stm32f1xx_hal_cortex.o
 .debug_aranges
                0x00000000000005d0       0x58 ./Drivers/STM32F1xx_HAL_Driver/Src/stm32f1xx_hal_gpio.o
 .debug_aranges
                0x0000000000000628       0x90 ./Drivers/STM32F1xx_HAL_Driver/Src/stm32f1xx_hal_rcc.o
 .debug_aranges
                0x00000000000006b8       0x30 ./Drivers/STM32F1xx_HAL_Driver/Src/stm32f1xx_hal_rcc_ex.o
 .debug_aranges
                0x00000000000006e8      0x3d0 ./Drivers/STM32F1xx_HAL_Driver/Src/stm32f1xx_hal_tim.o
 .debug_aranges
                0x0000000000000ab8      0x168 ./Drivers/STM32F1xx_HAL_Driver/Src/stm32f1xx_hal_tim_ex.o
 .debug_aranges
                0x0000000000000c20      0x208 ./Drivers/STM32F1xx_HAL_Driver/Src/stm32f1xx_hal_uart.o

.debug_macro    0x0000000000000000    0x18316
 .debug_macro   0x0000000000000000       0x81 ./Core/Src/DMA_cfg.o
 .debug_macro   0x0000000000000081      0xa9c ./Core/Src/DMA_cfg.o
 .debug_macro   0x0000000000000b1d       0x22 ./Core/Src/DMA_cfg.o
 .debug_macro   0x0000000000000b3f       0x8e ./Core/Src/DMA_cfg.o
 .debug_macro   0x0000000000000bcd       0x51 ./Core/Src/DMA_cfg.o
 .debug_macro   0x0000000000000c1e      0x103 ./Core/Src/DMA_cfg.o
 .debug_macro   0x0000000000000d21       0x6a ./Core/Src/DMA_cfg.o
 .debug_macro   0x0000000000000d8b      0x1df ./Core/Src/DMA_cfg.o
 .debug_macro   0x0000000000000f6a       0x90 ./Core/Src/DMA_core.o
 .debug_macro   0x0000000000000ffa       0x2e ./Core/Src/DMA_core.o
 .debug_macro   0x0000000000001028      0x1dc ./Core/Src/SCHD.o
 .debug_macro   0x0000000000001204       0x1c ./Core/Src/SCHD.o
 .debug_macro   0x0000000000001220       0x22 ./Core/Src/SCHD.o
 .debug_macro   0x0000000000001242       0x1c ./Core/Src/SCHD.o
 .debug_macro   0x000000000000125e       0x22 ./Core/Src/SCHD.o
 .debug_macro   0x0000000000001280       0xbd ./Core/Src/SCHD.o
 .debug_macro   0x000000000000133d      0xd23 ./Core/Src/SCHD.o
 .debug_macro   0x0000000000002060     0xe09e ./Core/Src/SCHD.o
 .debug_macro   0x00000000000100fe       0x16 ./Core/Src/SCHD.o
 .debug_macro   0x0000000000010114      0x221 ./Core/Src/SCHD.o
 .debug_macro   0x0000000000010335       0x2e ./Core/Src/SCHD.o
 .debug_macro   0x0000000000010363       0x6d ./Core/Src/SCHD.o
 .debug_macro   0x00000000000103d0     0x348d ./Core/Src/SCHD.o
 .debug_macro   0x000000000001385d      0x174 ./Core/Src/SCHD.o
 .debug_macro   0x00000000000139d1       0x5c ./Core/Src/SCHD.o
 .debug_macro   0x0000000000013a2d      0x5bc ./Core/Src/SCHD.o
 .debug_macro   0x0000000000013fe9      0x289 ./Core/Src/SCHD.o
 .debug_macro   0x0000000000014272      0x1cb ./Core/Src/SCHD.o
 .debug_macro   0x000000000001443d      0x114 ./Core/Src/SCHD.o
 .debug_macro   0x0000000000014551      0x1b2 ./Core/Src/SCHD.o
 .debug_macro   0x0000000000014703       0x27 ./Core/Src/SCHD.o
 .debug_macro   0x000000000001472a      0x136 ./Core/Src/SCHD.o
 .debug_macro   0x0000000000014860      0x1bc ./Core/Src/SCHD.o
 .debug_macro   0x0000000000014a1c       0x34 ./Core/Src/SCHD.o
 .debug_macro   0x0000000000014a50       0x3c ./Core/Src/SCHD.o
 .debug_macro   0x0000000000014a8c       0x57 ./Core/Src/SCHD.o
 .debug_macro   0x0000000000014ae3      0x46a ./Core/Src/SCHD.o
 .debug_macro   0x0000000000014f4d      0x1b5 ./Core/Src/SCHD.o
 .debug_macro   0x0000000000015102       0x87 ./Core/Src/SCHD.o
 .debug_macro   0x0000000000015189      0x240 ./Core/Src/SCHD.o
 .debug_macro   0x00000000000153c9      0x140 ./Core/Src/SCHD.o
 .debug_macro   0x0000000000015509      0x8ed ./Core/Src/SCHD.o
 .debug_macro   0x0000000000015df6      0x28e ./Core/Src/SCHD.o
 .debug_macro   0x0000000000016084       0x83 ./Core/Src/SCHD.o
 .debug_macro   0x0000000000016107       0x28 ./Core/Src/SCHD.o
 .debug_macro   0x000000000001612f       0x6d ./Core/Src/SPI_cfg.o
 .debug_macro   0x000000000001619c       0x8a ./Core/Src/SPI_core.o
 .debug_macro   0x0000000000016226      0x1d9 ./Core/Src/TEMP.o
 .debug_macro   0x00000000000163ff      0x1d9 ./Core/Src/adc.o
 .debug_macro   0x00000000000165d8      0x1d0 ./Core/Src/gpio.o
 .debug_macro   0x00000000000167a8      0x238 ./Core/Src/main.o
 .debug_macro   0x00000000000169e0      0x1c6 ./Core/Src/stm32f1xx_hal_msp.o
 .debug_macro   0x0000000000016ba6      0x1ea ./Core/Src/stm32f1xx_it.o
 .debug_macro   0x0000000000016d90      0x1b7 ./Core/Src/system_stm32f1xx.o
 .debug_macro   0x0000000000016f47      0x1d0 ./Core/Src/tim.o
 .debug_macro   0x0000000000017117      0x1d0 ./Core/Src/usart.o
 .debug_macro   0x00000000000172e7      0x1db ./Drivers/STM32F1xx_HAL_Driver/Src/stm32f1xx_hal.o
 .debug_macro   0x00000000000174c2      0x1d4 ./Drivers/STM32F1xx_HAL_Driver/Src/stm32f1xx_hal_adc.o
 .debug_macro   0x0000000000017696      0x1b7 ./Drivers/STM32F1xx_HAL_Driver/Src/stm32f1xx_hal_cortex.o
 .debug_macro   0x000000000001784d      0x222 ./Drivers/STM32F1xx_HAL_Driver/Src/stm32f1xx_hal_gpio.o
 .debug_macro   0x0000000000017a6f      0x1c9 ./Drivers/STM32F1xx_HAL_Driver/Src/stm32f1xx_hal_rcc.o
 .debug_macro   0x0000000000017c38      0x1b7 ./Drivers/STM32F1xx_HAL_Driver/Src/stm32f1xx_hal_rcc_ex.o
 .debug_macro   0x0000000000017def      0x1b8 ./Drivers/STM32F1xx_HAL_Driver/Src/stm32f1xx_hal_tim.o
 .debug_macro   0x0000000000017fa7      0x1b7 ./Drivers/STM32F1xx_HAL_Driver/Src/stm32f1xx_hal_tim_ex.o
 .debug_macro   0x000000000001815e      0x1b8 ./Drivers/STM32F1xx_HAL_Driver/Src/stm32f1xx_hal_uart.o

.debug_line     0x0000000000000000    0x12087
 .debug_line    0x0000000000000000      0x41c ./Core/Src/DMA_cfg.o
 .debug_line    0x000000000000041c      0x65e ./Core/Src/DMA_core.o
 .debug_line    0x0000000000000a7a      0x894 ./Core/Src/SCHD.o
 .debug_line    0x000000000000130e      0x40e ./Core/Src/SPI_cfg.o
 .debug_line    0x000000000000171c      0x55f ./Core/Src/SPI_core.o
 .debug_line    0x0000000000001c7b      0x764 ./Core/Src/TEMP.o
 .debug_line    0x00000000000023df      0x7a0 ./Core/Src/adc.o
 .debug_line    0x0000000000002b7f      0x749 ./Core/Src/gpio.o
 .debug_line    0x00000000000032c8      0x892 ./Core/Src/main.o
 .debug_line    0x0000000000003b5a      0x730 ./Core/Src/stm32f1xx_hal_msp.o
 .debug_line    0x000000000000428a      0x83e ./Core/Src/stm32f1xx_it.o
 .debug_line    0x0000000000004ac8      0x7ac ./Core/Src/system_stm32f1xx.o
 .debug_line    0x0000000000005274      0x799 ./Core/Src/tim.o
 .debug_line    0x0000000000005a0d      0x79d ./Core/Src/usart.o
 .debug_line    0x00000000000061aa       0x78 ./Core/Startup/startup_stm32f103c8tx.o
 .debug_line    0x0000000000006222      0x9d9 ./Drivers/STM32F1xx_HAL_Driver/Src/stm32f1xx_hal.o
 .debug_line    0x0000000000006bfb     0x1056 ./Drivers/STM32F1xx_HAL_Driver/Src/stm32f1xx_hal_adc.o
 .debug_line    0x0000000000007c51      0xbc1 ./Drivers/STM32F1xx_HAL_Driver/Src/stm32f1xx_hal_cortex.o
 .debug_line    0x0000000000008812      0xa72 ./Drivers/STM32F1xx_HAL_Driver/Src/stm32f1xx_hal_gpio.o
 .debug_line    0x0000000000009284      0xde2 ./Drivers/STM32F1xx_HAL_Driver/Src/stm32f1xx_hal_rcc.o
 .debug_line    0x000000000000a066      0x91d ./Drivers/STM32F1xx_HAL_Driver/Src/stm32f1xx_hal_rcc_ex.o
 .debug_line    0x000000000000a983     0x34c5 ./Drivers/STM32F1xx_HAL_Driver/Src/stm32f1xx_hal_tim.o
 .debug_line    0x000000000000de48     0x1938 ./Drivers/STM32F1xx_HAL_Driver/Src/stm32f1xx_hal_tim_ex.o
 .debug_line    0x000000000000f780     0x2907 ./Drivers/STM32F1xx_HAL_Driver/Src/stm32f1xx_hal_uart.o

.debug_str      0x0000000000000000    0x8c0a3
 .debug_str     0x0000000000000000     0x3c78 ./Core/Src/DMA_cfg.o
                                       0x3e29 (size before relaxing)
 .debug_str     0x0000000000003c78      0x2d9 ./Core/Src/DMA_core.o
                                       0x40e6 (size before relaxing)
 .debug_str     0x0000000000003f51    0x8428b ./Core/Src/SCHD.o
                                      0x88244 (size before relaxing)
 .debug_str     0x00000000000881dc      0x220 ./Core/Src/SPI_cfg.o
                                       0x3f23 (size before relaxing)
 .debug_str     0x00000000000883fc      0x2f9 ./Core/Src/SPI_core.o
                                       0x432f (size before relaxing)
 .debug_str     0x00000000000886f5      0x333 ./Core/Src/TEMP.o
                                      0x883ce (size before relaxing)
 .debug_str     0x0000000000088a28       0xee ./Core/Src/adc.o
                                      0x88407 (size before relaxing)
 .debug_str     0x0000000000088b16       0xa2 ./Core/Src/gpio.o
                                      0x880d7 (size before relaxing)
 .debug_str     0x0000000000088bb8      0x7db ./Core/Src/main.o
                                      0x89120 (size before relaxing)
 .debug_str     0x0000000000089393       0x77 ./Core/Src/stm32f1xx_hal_msp.o
                                      0x8807c (size before relaxing)
 .debug_str     0x000000000008940a      0x105 ./Core/Src/stm32f1xx_it.o
                                      0x88657 (size before relaxing)
 .debug_str     0x000000000008950f       0x7e ./Core/Src/system_stm32f1xx.o
                                      0x88009 (size before relaxing)
 .debug_str     0x000000000008958d      0x150 ./Core/Src/tim.o
                                      0x88958 (size before relaxing)
 .debug_str     0x00000000000896dd      0x246 ./Core/Src/usart.o
                                      0x8851f (size before relaxing)
 .debug_str     0x0000000000089923       0x34 ./Core/Startup/startup_stm32f103c8tx.o
                                         0x6e (size before relaxing)
 .debug_str     0x0000000000089957      0x371 ./Drivers/STM32F1xx_HAL_Driver/Src/stm32f1xx_hal.o
                                      0x8873c (size before relaxing)
 .debug_str     0x0000000000089cc8      0x35a ./Drivers/STM32F1xx_HAL_Driver/Src/stm32f1xx_hal_adc.o
                                      0x886ed (size before relaxing)
 .debug_str     0x000000000008a022      0x294 ./Drivers/STM32F1xx_HAL_Driver/Src/stm32f1xx_hal_cortex.o
                                      0x88688 (size before relaxing)
 .debug_str     0x000000000008a2b6      0x2d3 ./Drivers/STM32F1xx_HAL_Driver/Src/stm32f1xx_hal_gpio.o
                                      0x8838f (size before relaxing)
 .debug_str     0x000000000008a589      0x229 ./Drivers/STM32F1xx_HAL_Driver/Src/stm32f1xx_hal_rcc.o
                                      0x88438 (size before relaxing)
 .debug_str     0x000000000008a7b2       0x84 ./Drivers/STM32F1xx_HAL_Driver/Src/stm32f1xx_hal_rcc_ex.o
                                      0x88188 (size before relaxing)
 .debug_str     0x000000000008a836      0xdb1 ./Drivers/STM32F1xx_HAL_Driver/Src/stm32f1xx_hal_tim.o
                                      0x8942a (size before relaxing)
 .debug_str     0x000000000008b5e7      0x493 ./Drivers/STM32F1xx_HAL_Driver/Src/stm32f1xx_hal_tim_ex.o
                                      0x88c46 (size before relaxing)
 .debug_str     0x000000000008ba7a      0x629 ./Drivers/STM32F1xx_HAL_Driver/Src/stm32f1xx_hal_uart.o
                                      0x88aa9 (size before relaxing)

.debug_rnglists
                0x0000000000000000      0xac7
 .debug_rnglists
                0x0000000000000000       0x2d ./Core/Src/DMA_core.o
 .debug_rnglists
                0x000000000000002d       0x44 ./Core/Src/SCHD.o
 .debug_rnglists
                0x0000000000000071       0x20 ./Core/Src/SPI_core.o
 .debug_rnglists
                0x0000000000000091       0x19 ./Core/Src/TEMP.o
 .debug_rnglists
                0x00000000000000aa       0x20 ./Core/Src/adc.o
 .debug_rnglists
                0x00000000000000ca       0x14 ./Core/Src/gpio.o
 .debug_rnglists
                0x00000000000000de       0x33 ./Core/Src/main.o
 .debug_rnglists
                0x0000000000000111       0x13 ./Core/Src/stm32f1xx_hal_msp.o
 .debug_rnglists
                0x0000000000000124       0x4f ./Core/Src/stm32f1xx_it.o
 .debug_rnglists
                0x0000000000000173       0x1a ./Core/Src/system_stm32f1xx.o
 .debug_rnglists
                0x000000000000018d       0x20 ./Core/Src/tim.o
 .debug_rnglists
                0x00000000000001ad       0x20 ./Core/Src/usart.o
 .debug_rnglists
                0x00000000000001cd       0x19 ./Core/Startup/startup_stm32f103c8tx.o
 .debug_rnglists
                0x00000000000001e6       0xa3 ./Drivers/STM32F1xx_HAL_Driver/Src/stm32f1xx_hal.o
 .debug_rnglists
                0x0000000000000289       0xbc ./Drivers/STM32F1xx_HAL_Driver/Src/stm32f1xx_hal_adc.o
 .debug_rnglists
                0x0000000000000345       0xbb ./Drivers/STM32F1xx_HAL_Driver/Src/stm32f1xx_hal_cortex.o
 .debug_rnglists
                0x0000000000000400       0x3f ./Drivers/STM32F1xx_HAL_Driver/Src/stm32f1xx_hal_gpio.o
 .debug_rnglists
                0x000000000000043f       0x6c ./Drivers/STM32F1xx_HAL_Driver/Src/stm32f1xx_hal_rcc.o
 .debug_rnglists
                0x00000000000004ab       0x21 ./Drivers/STM32F1xx_HAL_Driver/Src/stm32f1xx_hal_rcc_ex.o
 .debug_rnglists
                0x00000000000004cc      0x31a ./Drivers/STM32F1xx_HAL_Driver/Src/stm32f1xx_hal_tim.o
 .debug_rnglists
                0x00000000000007e6      0x125 ./Drivers/STM32F1xx_HAL_Driver/Src/stm32f1xx_hal_tim_ex.o
 .debug_rnglists
                0x000000000000090b      0x1bc ./Drivers/STM32F1xx_HAL_Driver/Src/stm32f1xx_hal_uart.o

.debug_frame    0x0000000000000000     0x395c
 .debug_frame   0x0000000000000000       0xd4 ./Core/Src/DMA_core.o
 .debug_frame   0x00000000000000d4      0x150 ./Core/Src/SCHD.o
 .debug_frame   0x0000000000000224       0x88 ./Core/Src/SPI_core.o
 .debug_frame   0x00000000000002ac       0x50 ./Core/Src/TEMP.o
 .debug_frame   0x00000000000002fc       0x84 ./Core/Src/adc.o
 .debug_frame   0x0000000000000380       0x34 ./Core/Src/gpio.o
 .debug_frame   0x00000000000003b4       0xd0 ./Core/Src/main.o
 .debug_frame   0x0000000000000484       0x34 ./Core/Src/stm32f1xx_hal_msp.o
 .debug_frame   0x00000000000004b8      0x13c ./Core/Src/stm32f1xx_it.o
 .debug_frame   0x00000000000005f4       0x58 ./Core/Src/system_stm32f1xx.o
 .debug_frame   0x000000000000064c       0x80 ./Core/Src/tim.o
 .debug_frame   0x00000000000006cc       0x74 ./Core/Src/usart.o
 .debug_frame   0x0000000000000740      0x334 ./Drivers/STM32F1xx_HAL_Driver/Src/stm32f1xx_hal.o
 .debug_frame   0x0000000000000a74      0x40c ./Drivers/STM32F1xx_HAL_Driver/Src/stm32f1xx_hal_adc.o
 .debug_frame   0x0000000000000e80      0x428 ./Drivers/STM32F1xx_HAL_Driver/Src/stm32f1xx_hal_cortex.o
 .debug_frame   0x00000000000012a8      0x14c ./Drivers/STM32F1xx_HAL_Driver/Src/stm32f1xx_hal_gpio.o
 .debug_frame   0x00000000000013f4      0x218 ./Drivers/STM32F1xx_HAL_Driver/Src/stm32f1xx_hal_rcc.o
 .debug_frame   0x000000000000160c       0x80 ./Drivers/STM32F1xx_HAL_Driver/Src/stm32f1xx_hal_rcc_ex.o
 .debug_frame   0x000000000000168c     0x11bc ./Drivers/STM32F1xx_HAL_Driver/Src/stm32f1xx_hal_tim.o
 .debug_frame   0x0000000000002848      0x638 ./Drivers/STM32F1xx_HAL_Driver/Src/stm32f1xx_hal_tim_ex.o
 .debug_frame   0x0000000000002e80      0x944 ./Drivers/STM32F1xx_HAL_Driver/Src/stm32f1xx_hal_uart.o
 .debug_frame   0x00000000000037c4       0x20 C:/ST/STM32CubeIDE_1.13.0/STM32CubeIDE/plugins/com.st.stm32cube.ide.mcu.externaltools.gnu-tools-for-stm32.11.3.rel1.win32_1.1.0.202305231506/tools/bin/../lib/gcc/arm-none-eabi/11.3.1/../../../../arm-none-eabi/lib/thumb/v7-m/nofp\libc_nano.a(libc_a-memset.o)
 .debug_frame   0x00000000000037e4       0x2c C:/ST/STM32CubeIDE_1.13.0/STM32CubeIDE/plugins/com.st.stm32cube.ide.mcu.externaltools.gnu-tools-for-stm32.11.3.rel1.win32_1.1.0.202305231506/tools/bin/../lib/gcc/arm-none-eabi/11.3.1/../../../../arm-none-eabi/lib/thumb/v7-m/nofp\libc_nano.a(libc_a-init.o)
 .debug_frame   0x0000000000003810       0x30 C:/ST/STM32CubeIDE_1.13.0/STM32CubeIDE/plugins/com.st.stm32cube.ide.mcu.externaltools.gnu-tools-for-stm32.11.3.rel1.win32_1.1.0.202305231506/tools/bin/../lib/gcc/arm-none-eabi/11.3.1/thumb/v7-m/nofp\libgcc.a(_arm_muldf3.o)
 .debug_frame   0x0000000000003840       0xac C:/ST/STM32CubeIDE_1.13.0/STM32CubeIDE/plugins/com.st.stm32cube.ide.mcu.externaltools.gnu-tools-for-stm32.11.3.rel1.win32_1.1.0.202305231506/tools/bin/../lib/gcc/arm-none-eabi/11.3.1/thumb/v7-m/nofp\libgcc.a(_arm_addsubdf3.o)
 .debug_frame   0x00000000000038ec       0x24 C:/ST/STM32CubeIDE_1.13.0/STM32CubeIDE/plugins/com.st.stm32cube.ide.mcu.externaltools.gnu-tools-for-stm32.11.3.rel1.win32_1.1.0.202305231506/tools/bin/../lib/gcc/arm-none-eabi/11.3.1/thumb/v7-m/nofp\libgcc.a(_arm_truncdfsf2.o)
 .debug_frame   0x0000000000003910       0x4c C:/ST/STM32CubeIDE_1.13.0/STM32CubeIDE/plugins/com.st.stm32cube.ide.mcu.externaltools.gnu-tools-for-stm32.11.3.rel1.win32_1.1.0.202305231506/tools/bin/../lib/gcc/arm-none-eabi/11.3.1/thumb/v7-m/nofp\libgcc.a(_arm_addsubsf3.o)

.debug_line_str
                0x0000000000000000       0x62
 .debug_line_str
                0x0000000000000000       0x62 ./Core/Startup/startup_stm32f103c8tx.o
                                         0x7a (size before relaxing)
